<?xml version="1.0" encoding="utf-8"?><testsuites name="pytest tests"><testsuite name="pytest" errors="0" failures="0" skipped="0" tests="2" time="6.902" timestamp="2026-09-07T05:41:39.555773+05:30" hostname="192.168.1.8"><testcase classname="tests.test_sample" name="test_google_title" time="4.003" /><testcase classname="tests.test_sample" name="test_search_interaction" time="2.740" /></testsuite></testsuites>